&&&&&&&&&&&&&&&&&&&&&&&&&&&&&&&&&&&&&&&&&&&&&&&&&&&&&&&&&&&&&&&&&&&
&&&&&&&&&&&&&&&&&&&&&&&&&&&&&&&&&&&&&&&&&&&&&&&&&&&&&&&&&&&&&&&&&&&
&&&&&#######&&&&&&&&&&&&&&&&##########&&&#####&&&&&&&&&&&&&&&&&&&&&
&&&&&#.....#&&&###&&&&&&&&&&#..1.1.1.#####rrr#&&&&&&&&&&&&&&&&&&&&&
&&&&&#.....#####r############.........fsf....#&&&&&&&&&&###########
&&&&&#..@....s.....fff.......s.pp.pp.#####p..############........c#
&&&&&#.....#####.#######.########.####&&&#pp..f.f.f.f.f...#########
&&&&&#.....#&&&#.#&&&&&#.#&&&&&&#.#&&&&&&################.#&&&&&&&&
&&&&&#######&&&#f#&&&&&#.####&&&#.#&&&&&&&&&&&&&&&&&&&&&#s#&&&&&&&&
&&&&&&&&&&&&&###s###&&&#...c#####.####&&&&&&#######&&&&&#s#&&&&&&&&
&&&&&&&&&&&###s.s.s#&&##.#####...1...#&&&&&&#.....#######s#&&&&&&&&
&&&&&&&&&&&#r..s.s.#&&#p.p#&&#f.1.1.f#&&&&&&#.h.1........s#&&&&&&&&
&&&&&&&&&&&#r.s.s.s#&&#p.p#&&#ppp.ppp#&&&&&&#.....#######s#&&&&&&&&
&&&&&#########.s.s.####p.p#&&####.####&&&&&&#####.#&&&&&#s#&&&&&&&&
&&&&&#...s...ffpppff......#&&&&&#.#&&&&&&&&&&&&&#r#&&&&&#s#&&&&&&&&
&&&&&#...##################&&&&&#s#&&&&&&&&&&&&&###&&&&&#s#&&&&&&&&
&&&&&#.c.#&&&&&&&&&&&&&&&&&&&&&&#s#&&&&&&&&###&&&&&&&####s####&&&&&
&&&&&#...#&&&&&&&&&&&&&&&&&&&&&&#s#&&&&&&&&#r#########.......#&&&&&
&&&&&#####&&&&&&&#####&&&########.#&&&&&&&&#...f.f.....ppppp.#&&&&&
&&&&&&&&&&&&&&&&&#.1p#####..1..1..#&&&&&&&&#.#########rrr.rrr#&&&&&
&&&&&&&&&&&&&&&&&#....ff........###&&&&&&&&#.#&&&&&&&#########&&&&&
&&&&&&&&&&&&&&&&&#.#######.r..r.#&&&&&&#####.###&&&&&&&&&&&&&&&&&&&
&&&&&&&#####&&&&&#.pppppp########&&&&&&#.......#&&&&&&&&&&&&&&&&&&&
&&&&&&&#.c.#######...1..1p.p.p.p########.#p.c.p#&&&&&&&&&&&&&&&&&&&
&&&&&&&#...................s...f..f..f...#######&&&&&&&&&&&&&&&&&&&
&&&&&&&###################################&&&&&&&&&&&&&&&&&&&&&&&&&

